
> stagepv_1@0.1.0 build
> next build

??Next.js 16.1.1 (Turbopack)

  Creating an optimized production build ...
??Compiled successfully in 1790.3ms
  Running TypeScript ...
node.exe : Failed to compile.
位於 線路:1 字元:1
+ & "C:\Program Files\nodejs/node.exe" "C:\Program Files\nodejs
/node_mo ...
+ ~~~~~~~~~~~~~~~~~~~~~~~~~~~~~~~~~~~~~~~~~~~~~~~~~~~~~~~~~~~~~
~~~~~~~~
    + CategoryInfo          : NotSpecified: (Failed to compile 
   .:String) [], RemoteException
    + FullyQualifiedErrorId : NativeCommandError
 

./src/store/useStore.ts:169:13
Type error: An object literal cannot have multiple properties w
ith the same name.

[0m [90m 167 |[39m                 activeViewId[33m:[39m s
tate[33m.[39mactiveViewId [33m===[39m id [33m?[39m [36mn
ull[39m [33m:[39m state[33m.[39mactiveViewId
 [90m 168 |[39m             }))[33m,[39m
[31m[1m>[22m[39m[90m 169 |[39m             setActiveView
[33m:[39m (id) [33m=>[39m [36mset[39m({ activeViewId[33m:
[39m id })[33m,[39m
 [90m     |[39m             [31m[1m^[22m[39m
 [90m 170 |[39m
 [90m 171 |[39m             setLoading[33m:[39m (loading[3
3m,[39m message [33m=[39m [32m''[39m) [33m=>[39m [36mse
t[39m({ isLoading[33m:[39m loading[33m,[39m loadingMessage
[33m:[39m message })[33m,[39m
 [90m 172 |[39m         })[33m,[39m[0m
Next.js build worker exited with code: 1 and signal: null
